Archive member included because of file (symbol)

/usr/local/CrossPack-AVR-20121207/lib/gcc/avr/4.6.2/avr5/libgcc.a(_exit.o)
                              /usr/local/CrossPack-AVR-20121207/lib/gcc/avr/4.6.2/../../../../avr/lib/avr5/crtm32u4.o (exit)
/usr/local/CrossPack-AVR-20121207/lib/gcc/avr/4.6.2/avr5/libgcc.a(_copy_data.o)
                              buttonBoard.o (__do_copy_data)
/usr/local/CrossPack-AVR-20121207/lib/gcc/avr/4.6.2/avr5/libgcc.a(_clear_bss.o)
                              buttonBoard.o (__do_clear_bss)

Discarded input sections

 .bss           0x00000000        0x0 /usr/local/CrossPack-AVR-20121207/lib/gcc/avr/4.6.2/../../../../avr/lib/avr5/crtm32u4.o
 .text          0x00000000        0x0 buttonBoard.o
 .text          0x00000000        0x0 usb_keyboard.o
 .text.usb_keyboard_press
                0x00000000       0x1e usb_keyboard.o
 .text          0x00000000        0x0 /usr/local/CrossPack-AVR-20121207/lib/gcc/avr/4.6.2/avr5/libgcc.a(_exit.o)
 .bss           0x00000000        0x0 /usr/local/CrossPack-AVR-20121207/lib/gcc/avr/4.6.2/avr5/libgcc.a(_exit.o)
 .text.libgcc   0x00000000        0x0 /usr/local/CrossPack-AVR-20121207/lib/gcc/avr/4.6.2/avr5/libgcc.a(_exit.o)
 .text          0x00000000        0x0 /usr/local/CrossPack-AVR-20121207/lib/gcc/avr/4.6.2/avr5/libgcc.a(_copy_data.o)
 .bss           0x00000000        0x0 /usr/local/CrossPack-AVR-20121207/lib/gcc/avr/4.6.2/avr5/libgcc.a(_copy_data.o)
 .text.libgcc   0x00000000        0x0 /usr/local/CrossPack-AVR-20121207/lib/gcc/avr/4.6.2/avr5/libgcc.a(_copy_data.o)
 .text          0x00000000        0x0 /usr/local/CrossPack-AVR-20121207/lib/gcc/avr/4.6.2/avr5/libgcc.a(_clear_bss.o)
 .bss           0x00000000        0x0 /usr/local/CrossPack-AVR-20121207/lib/gcc/avr/4.6.2/avr5/libgcc.a(_clear_bss.o)
 .text.libgcc   0x00000000        0x0 /usr/local/CrossPack-AVR-20121207/lib/gcc/avr/4.6.2/avr5/libgcc.a(_clear_bss.o)

Memory Configuration

Name             Origin             Length             Attributes
text             0x00000000         0x00020000         xr
data             0x00800060         0x0000ffa0         rw !x
eeprom           0x00810000         0x00010000         rw !x
fuse             0x00820000         0x00000400         rw !x
lock             0x00830000         0x00000400         rw !x
signature        0x00840000         0x00000400         rw !x
*default*        0x00000000         0xffffffff

Linker script and memory map

Address of section .data set to 0x800100
LOAD /usr/local/CrossPack-AVR-20121207/lib/gcc/avr/4.6.2/../../../../avr/lib/avr5/crtm32u4.o
LOAD buttonBoard.o
LOAD usb_keyboard.o
LOAD /usr/local/CrossPack-AVR-20121207/lib/gcc/avr/4.6.2/../../../../avr/lib/avr5/libm.a
LOAD /usr/local/CrossPack-AVR-20121207/lib/gcc/avr/4.6.2/avr5/libgcc.a
LOAD /usr/local/CrossPack-AVR-20121207/lib/gcc/avr/4.6.2/../../../../avr/lib/avr5/libc.a
LOAD /usr/local/CrossPack-AVR-20121207/lib/gcc/avr/4.6.2/avr5/libgcc.a

.hash
 *(.hash)

.dynsym
 *(.dynsym)

.dynstr
 *(.dynstr)

.gnu.version
 *(.gnu.version)

.gnu.version_d
 *(.gnu.version_d)

.gnu.version_r
 *(.gnu.version_r)

.rel.init
 *(.rel.init)

.rela.init
 *(.rela.init)

.rel.text
 *(.rel.text)
 *(.rel.text.*)
 *(.rel.gnu.linkonce.t*)

.rela.text
 *(.rela.text)
 *(.rela.text.*)
 *(.rela.gnu.linkonce.t*)

.rel.fini
 *(.rel.fini)

.rela.fini
 *(.rela.fini)

.rel.rodata
 *(.rel.rodata)
 *(.rel.rodata.*)
 *(.rel.gnu.linkonce.r*)

.rela.rodata
 *(.rela.rodata)
 *(.rela.rodata.*)
 *(.rela.gnu.linkonce.r*)

.rel.data
 *(.rel.data)
 *(.rel.data.*)
 *(.rel.gnu.linkonce.d*)

.rela.data
 *(.rela.data)
 *(.rela.data.*)
 *(.rela.gnu.linkonce.d*)

.rel.ctors
 *(.rel.ctors)

.rela.ctors
 *(.rela.ctors)

.rel.dtors
 *(.rel.dtors)

.rela.dtors
 *(.rela.dtors)

.rel.got
 *(.rel.got)

.rela.got
 *(.rela.got)

.rel.bss
 *(.rel.bss)

.rela.bss
 *(.rela.bss)

.rel.plt
 *(.rel.plt)

.rela.plt
 *(.rela.plt)

.text           0x00000000      0x6f2
 *(.vectors)
 .vectors       0x00000000       0xac /usr/local/CrossPack-AVR-20121207/lib/gcc/avr/4.6.2/../../../../avr/lib/avr5/crtm32u4.o
                0x00000000                __vectors
                0x00000000                __vector_default
 *(.vectors)
 *(.progmem.gcc*)
 *(.progmem*)
 .progmem.data  0x000000ac       0xd4 usb_keyboard.o
                0x00000180                . = ALIGN (0x2)
                0x00000180                __trampolines_start = .
 *(.trampolines)
 .trampolines   0x00000180        0x0 linker stubs
 *(.trampolines*)
                0x00000180                __trampolines_end = .
 *(.jumptables)
 *(.jumptables*)
 *(.lowtext)
 *(.lowtext*)
                0x00000180                __ctors_start = .
 *(.ctors)
                0x00000180                __ctors_end = .
                0x00000180                __dtors_start = .
 *(.dtors)
                0x00000180                __dtors_end = .
 SORT(*)(.ctors)
 SORT(*)(.dtors)
 *(.init0)
 .init0         0x00000180        0x0 /usr/local/CrossPack-AVR-20121207/lib/gcc/avr/4.6.2/../../../../avr/lib/avr5/crtm32u4.o
                0x00000180                __init
 *(.init0)
 *(.init1)
 *(.init1)
 *(.init2)
 .init2         0x00000180        0xc /usr/local/CrossPack-AVR-20121207/lib/gcc/avr/4.6.2/../../../../avr/lib/avr5/crtm32u4.o
 *(.init2)
 *(.init3)
 *(.init3)
 *(.init4)
 .init4         0x0000018c       0x16 /usr/local/CrossPack-AVR-20121207/lib/gcc/avr/4.6.2/avr5/libgcc.a(_copy_data.o)
                0x0000018c                __do_copy_data
 .init4         0x000001a2       0x10 /usr/local/CrossPack-AVR-20121207/lib/gcc/avr/4.6.2/avr5/libgcc.a(_clear_bss.o)
                0x000001a2                __do_clear_bss
 *(.init4)
 *(.init5)
 *(.init5)
 *(.init6)
 *(.init6)
 *(.init7)
 *(.init7)
 *(.init8)
 *(.init8)
 *(.init9)
 .init9         0x000001b2        0x4 /usr/local/CrossPack-AVR-20121207/lib/gcc/avr/4.6.2/../../../../avr/lib/avr5/crtm32u4.o
 *(.init9)
 *(.text)
 .text          0x000001b6        0x2 /usr/local/CrossPack-AVR-20121207/lib/gcc/avr/4.6.2/../../../../avr/lib/avr5/crtm32u4.o
                0x000001b6                __vector_42
                0x000001b6                __vector_22
                0x000001b6                __vector_28
                0x000001b6                __vector_1
                0x000001b6                __vector_32
                0x000001b6                __vector_34
                0x000001b6                __vector_24
                0x000001b6                __vector_12
                0x000001b6                __bad_interrupt
                0x000001b6                __vector_6
                0x000001b6                __vector_31
                0x000001b6                __vector_35
                0x000001b6                __vector_39
                0x000001b6                __vector_3
                0x000001b6                __vector_23
                0x000001b6                __vector_30
                0x000001b6                __vector_25
                0x000001b6                __vector_13
                0x000001b6                __vector_17
                0x000001b6                __vector_19
                0x000001b6                __vector_7
                0x000001b6                __vector_41
                0x000001b6                __vector_27
                0x000001b6                __vector_5
                0x000001b6                __vector_33
                0x000001b6                __vector_37
                0x000001b6                __vector_4
                0x000001b6                __vector_9
                0x000001b6                __vector_2
                0x000001b6                __vector_21
                0x000001b6                __vector_15
                0x000001b6                __vector_36
                0x000001b6                __vector_29
                0x000001b6                __vector_40
                0x000001b6                __vector_8
                0x000001b6                __vector_26
                0x000001b6                __vector_14
                0x000001b6                __vector_16
                0x000001b6                __vector_18
                0x000001b6                __vector_20
                0x000001b6                __vector_38
                0x000001b8                . = ALIGN (0x2)
 *(.text.*)
 .text.startup.main
                0x000001b8       0xee buttonBoard.o
                0x000001b8                main
 .text.usb_wait_in_ready
                0x000002a6        0xa usb_keyboard.o
 .text.usb_init
                0x000002b0       0x2e usb_keyboard.o
                0x000002b0                usb_init
 .text.usb_configured
                0x000002de        0x6 usb_keyboard.o
                0x000002de                usb_configured
 .text.usb_keyboard_send
                0x000002e4       0x72 usb_keyboard.o
                0x000002e4                usb_keyboard_send
 .text.__vector_10
                0x00000356       0xbe usb_keyboard.o
                0x00000356                __vector_10
 .text.__vector_11
                0x00000414      0x2da usb_keyboard.o
                0x00000414                __vector_11
                0x000006ee                . = ALIGN (0x2)
 *(.fini9)
 .fini9         0x000006ee        0x0 /usr/local/CrossPack-AVR-20121207/lib/gcc/avr/4.6.2/avr5/libgcc.a(_exit.o)
                0x000006ee                exit
                0x000006ee                _exit
 *(.fini9)
 *(.fini8)
 *(.fini8)
 *(.fini7)
 *(.fini7)
 *(.fini6)
 *(.fini6)
 *(.fini5)
 *(.fini5)
 *(.fini4)
 *(.fini4)
 *(.fini3)
 *(.fini3)
 *(.fini2)
 *(.fini2)
 *(.fini1)
 *(.fini1)
 *(.fini0)
 .fini0         0x000006ee        0x4 /usr/local/CrossPack-AVR-20121207/lib/gcc/avr/4.6.2/avr5/libgcc.a(_exit.o)
 *(.fini0)
                0x000006f2                _etext = .

.data           0x00800100        0xa load address 0x000006f2
                0x00800100                PROVIDE (__data_start, .)
 *(.data)
 .data          0x00800100        0x0 /usr/local/CrossPack-AVR-20121207/lib/gcc/avr/4.6.2/../../../../avr/lib/avr5/crtm32u4.o
 .data          0x00800100        0x8 buttonBoard.o
                0x00800100                pns
                0x00800104                buttons
 .data          0x00800108        0x2 usb_keyboard.o
 .data          0x0080010a        0x0 /usr/local/CrossPack-AVR-20121207/lib/gcc/avr/4.6.2/avr5/libgcc.a(_exit.o)
 .data          0x0080010a        0x0 /usr/local/CrossPack-AVR-20121207/lib/gcc/avr/4.6.2/avr5/libgcc.a(_copy_data.o)
 .data          0x0080010a        0x0 /usr/local/CrossPack-AVR-20121207/lib/gcc/avr/4.6.2/avr5/libgcc.a(_clear_bss.o)
 *(.data*)
 *(.rodata)
 *(.rodata*)
 *(.gnu.linkonce.d*)
                0x0080010a                . = ALIGN (0x2)
                0x0080010a                _edata = .
                0x0080010a                PROVIDE (__data_end, .)

.bss            0x0080010a       0x13
                0x0080010a                PROVIDE (__bss_start, .)
 *(.bss)
 .bss           0x0080010a        0x8 buttonBoard.o
                0x0080010a                pnsActive
 .bss           0x00800112        0xb usb_keyboard.o
                0x00800112                keyboard_leds
                0x00800113                keyboard_keys
                0x00800119                keyboard_modifier_keys
 *(.bss*)
 *(COMMON)
                0x0080011d                PROVIDE (__bss_end, .)
                0x000006f2                __data_load_start = LOADADDR (.data)
                0x000006fc                __data_load_end = (__data_load_start + SIZEOF (.data))

.noinit         0x0080011d        0x0
                0x0080011d                PROVIDE (__noinit_start, .)
 *(.noinit*)
                0x0080011d                PROVIDE (__noinit_end, .)
                0x0080011d                _end = .
                0x0080011d                PROVIDE (__heap_start, .)

.eeprom         0x00810000        0x0
 *(.eeprom*)
                0x00810000                __eeprom_end = .

.fuse
 *(.fuse)
 *(.lfuse)
 *(.hfuse)
 *(.efuse)

.lock
 *(.lock*)

.signature
 *(.signature*)

.stab           0x00000000      0x6cc
 *(.stab)
 .stab          0x00000000      0x6cc /usr/local/CrossPack-AVR-20121207/lib/gcc/avr/4.6.2/../../../../avr/lib/avr5/crtm32u4.o

.stabstr        0x00000000       0x81
 *(.stabstr)
 .stabstr       0x00000000       0x81 /usr/local/CrossPack-AVR-20121207/lib/gcc/avr/4.6.2/../../../../avr/lib/avr5/crtm32u4.o

.stab.excl
 *(.stab.excl)

.stab.exclstr
 *(.stab.exclstr)

.stab.index
 *(.stab.index)

.stab.indexstr
 *(.stab.indexstr)

.comment
 *(.comment)

.debug
 *(.debug)

.line
 *(.line)

.debug_srcinfo
 *(.debug_srcinfo)

.debug_sfnames
 *(.debug_sfnames)

.debug_aranges  0x00000000       0xd0
 *(.debug_aranges)
 .debug_aranges
                0x00000000       0x20 buttonBoard.o
 .debug_aranges
                0x00000020       0x50 usb_keyboard.o
 .debug_aranges
                0x00000070       0x20 /usr/local/CrossPack-AVR-20121207/lib/gcc/avr/4.6.2/avr5/libgcc.a(_exit.o)
 .debug_aranges
                0x00000090       0x20 /usr/local/CrossPack-AVR-20121207/lib/gcc/avr/4.6.2/avr5/libgcc.a(_copy_data.o)
 .debug_aranges
                0x000000b0       0x20 /usr/local/CrossPack-AVR-20121207/lib/gcc/avr/4.6.2/avr5/libgcc.a(_clear_bss.o)

.debug_pubnames
 *(.debug_pubnames)

.debug_info     0x00000000      0xbe1
 *(.debug_info)
 .debug_info    0x00000000      0x2b3 buttonBoard.o
 .debug_info    0x000002b3      0x6ee usb_keyboard.o
 .debug_info    0x000009a1       0xc0 /usr/local/CrossPack-AVR-20121207/lib/gcc/avr/4.6.2/avr5/libgcc.a(_exit.o)
 .debug_info    0x00000a61       0xc0 /usr/local/CrossPack-AVR-20121207/lib/gcc/avr/4.6.2/avr5/libgcc.a(_copy_data.o)
 .debug_info    0x00000b21       0xc0 /usr/local/CrossPack-AVR-20121207/lib/gcc/avr/4.6.2/avr5/libgcc.a(_clear_bss.o)
 *(.gnu.linkonce.wi.*)

.debug_abbrev   0x00000000      0x396
 *(.debug_abbrev)
 .debug_abbrev  0x00000000      0x17c buttonBoard.o
 .debug_abbrev  0x0000017c      0x1de usb_keyboard.o
 .debug_abbrev  0x0000035a       0x14 /usr/local/CrossPack-AVR-20121207/lib/gcc/avr/4.6.2/avr5/libgcc.a(_exit.o)
 .debug_abbrev  0x0000036e       0x14 /usr/local/CrossPack-AVR-20121207/lib/gcc/avr/4.6.2/avr5/libgcc.a(_copy_data.o)
 .debug_abbrev  0x00000382       0x14 /usr/local/CrossPack-AVR-20121207/lib/gcc/avr/4.6.2/avr5/libgcc.a(_clear_bss.o)

.debug_line     0x00000000      0x4e7
 *(.debug_line)
 .debug_line    0x00000000      0x154 buttonBoard.o
 .debug_line    0x00000154      0x270 usb_keyboard.o
 .debug_line    0x000003c4       0x5c /usr/local/CrossPack-AVR-20121207/lib/gcc/avr/4.6.2/avr5/libgcc.a(_exit.o)
 .debug_line    0x00000420       0x65 /usr/local/CrossPack-AVR-20121207/lib/gcc/avr/4.6.2/avr5/libgcc.a(_copy_data.o)
 .debug_line    0x00000485       0x62 /usr/local/CrossPack-AVR-20121207/lib/gcc/avr/4.6.2/avr5/libgcc.a(_clear_bss.o)

.debug_frame    0x00000000      0x154
 *(.debug_frame)
 .debug_frame   0x00000000       0x24 buttonBoard.o
 .debug_frame   0x00000024      0x130 usb_keyboard.o

.debug_str      0x00000000      0x382
 *(.debug_str)
 .debug_str     0x00000000      0x12d buttonBoard.o
                                0x161 (size before relaxing)
 .debug_str     0x0000012d      0x255 usb_keyboard.o
                                0x347 (size before relaxing)

.debug_loc      0x00000000      0x938
 *(.debug_loc)
 .debug_loc     0x00000000       0xb1 buttonBoard.o
 .debug_loc     0x000000b1      0x887 usb_keyboard.o

.debug_macinfo
 *(.debug_macinfo)
OUTPUT(buttonBoard.elf elf32-avr)
LOAD linker stubs

.debug_ranges   0x00000000       0x98
 .debug_ranges  0x00000000       0x10 buttonBoard.o
 .debug_ranges  0x00000010       0x88 usb_keyboard.o

Cross Reference Table

Symbol                                            File
__bad_interrupt                                   /usr/local/CrossPack-AVR-20121207/lib/gcc/avr/4.6.2/../../../../avr/lib/avr5/crtm32u4.o
__bss_end                                         /usr/local/CrossPack-AVR-20121207/lib/gcc/avr/4.6.2/avr5/libgcc.a(_clear_bss.o)
__bss_start                                       /usr/local/CrossPack-AVR-20121207/lib/gcc/avr/4.6.2/avr5/libgcc.a(_clear_bss.o)
__data_end                                        /usr/local/CrossPack-AVR-20121207/lib/gcc/avr/4.6.2/avr5/libgcc.a(_copy_data.o)
__data_load_start                                 /usr/local/CrossPack-AVR-20121207/lib/gcc/avr/4.6.2/avr5/libgcc.a(_copy_data.o)
__data_start                                      /usr/local/CrossPack-AVR-20121207/lib/gcc/avr/4.6.2/avr5/libgcc.a(_copy_data.o)
__do_clear_bss                                    /usr/local/CrossPack-AVR-20121207/lib/gcc/avr/4.6.2/avr5/libgcc.a(_clear_bss.o)
                                                  usb_keyboard.o
                                                  buttonBoard.o
__do_copy_data                                    /usr/local/CrossPack-AVR-20121207/lib/gcc/avr/4.6.2/avr5/libgcc.a(_copy_data.o)
                                                  usb_keyboard.o
                                                  buttonBoard.o
__heap_end                                        /usr/local/CrossPack-AVR-20121207/lib/gcc/avr/4.6.2/../../../../avr/lib/avr5/crtm32u4.o
__init                                            /usr/local/CrossPack-AVR-20121207/lib/gcc/avr/4.6.2/../../../../avr/lib/avr5/crtm32u4.o
__stack                                           /usr/local/CrossPack-AVR-20121207/lib/gcc/avr/4.6.2/../../../../avr/lib/avr5/crtm32u4.o
__vector_1                                        /usr/local/CrossPack-AVR-20121207/lib/gcc/avr/4.6.2/../../../../avr/lib/avr5/crtm32u4.o
__vector_10                                       usb_keyboard.o
                                                  /usr/local/CrossPack-AVR-20121207/lib/gcc/avr/4.6.2/../../../../avr/lib/avr5/crtm32u4.o
__vector_11                                       usb_keyboard.o
                                                  /usr/local/CrossPack-AVR-20121207/lib/gcc/avr/4.6.2/../../../../avr/lib/avr5/crtm32u4.o
__vector_12                                       /usr/local/CrossPack-AVR-20121207/lib/gcc/avr/4.6.2/../../../../avr/lib/avr5/crtm32u4.o
__vector_13                                       /usr/local/CrossPack-AVR-20121207/lib/gcc/avr/4.6.2/../../../../avr/lib/avr5/crtm32u4.o
__vector_14                                       /usr/local/CrossPack-AVR-20121207/lib/gcc/avr/4.6.2/../../../../avr/lib/avr5/crtm32u4.o
__vector_15                                       /usr/local/CrossPack-AVR-20121207/lib/gcc/avr/4.6.2/../../../../avr/lib/avr5/crtm32u4.o
__vector_16                                       /usr/local/CrossPack-AVR-20121207/lib/gcc/avr/4.6.2/../../../../avr/lib/avr5/crtm32u4.o
__vector_17                                       /usr/local/CrossPack-AVR-20121207/lib/gcc/avr/4.6.2/../../../../avr/lib/avr5/crtm32u4.o
__vector_18                                       /usr/local/CrossPack-AVR-20121207/lib/gcc/avr/4.6.2/../../../../avr/lib/avr5/crtm32u4.o
__vector_19                                       /usr/local/CrossPack-AVR-20121207/lib/gcc/avr/4.6.2/../../../../avr/lib/avr5/crtm32u4.o
__vector_2                                        /usr/local/CrossPack-AVR-20121207/lib/gcc/avr/4.6.2/../../../../avr/lib/avr5/crtm32u4.o
__vector_20                                       /usr/local/CrossPack-AVR-20121207/lib/gcc/avr/4.6.2/../../../../avr/lib/avr5/crtm32u4.o
__vector_21                                       /usr/local/CrossPack-AVR-20121207/lib/gcc/avr/4.6.2/../../../../avr/lib/avr5/crtm32u4.o
__vector_22                                       /usr/local/CrossPack-AVR-20121207/lib/gcc/avr/4.6.2/../../../../avr/lib/avr5/crtm32u4.o
__vector_23                                       /usr/local/CrossPack-AVR-20121207/lib/gcc/avr/4.6.2/../../../../avr/lib/avr5/crtm32u4.o
__vector_24                                       /usr/local/CrossPack-AVR-20121207/lib/gcc/avr/4.6.2/../../../../avr/lib/avr5/crtm32u4.o
__vector_25                                       /usr/local/CrossPack-AVR-20121207/lib/gcc/avr/4.6.2/../../../../avr/lib/avr5/crtm32u4.o
__vector_26                                       /usr/local/CrossPack-AVR-20121207/lib/gcc/avr/4.6.2/../../../../avr/lib/avr5/crtm32u4.o
__vector_27                                       /usr/local/CrossPack-AVR-20121207/lib/gcc/avr/4.6.2/../../../../avr/lib/avr5/crtm32u4.o
__vector_28                                       /usr/local/CrossPack-AVR-20121207/lib/gcc/avr/4.6.2/../../../../avr/lib/avr5/crtm32u4.o
__vector_29                                       /usr/local/CrossPack-AVR-20121207/lib/gcc/avr/4.6.2/../../../../avr/lib/avr5/crtm32u4.o
__vector_3                                        /usr/local/CrossPack-AVR-20121207/lib/gcc/avr/4.6.2/../../../../avr/lib/avr5/crtm32u4.o
__vector_30                                       /usr/local/CrossPack-AVR-20121207/lib/gcc/avr/4.6.2/../../../../avr/lib/avr5/crtm32u4.o
__vector_31                                       /usr/local/CrossPack-AVR-20121207/lib/gcc/avr/4.6.2/../../../../avr/lib/avr5/crtm32u4.o
__vector_32                                       /usr/local/CrossPack-AVR-20121207/lib/gcc/avr/4.6.2/../../../../avr/lib/avr5/crtm32u4.o
__vector_33                                       /usr/local/CrossPack-AVR-20121207/lib/gcc/avr/4.6.2/../../../../avr/lib/avr5/crtm32u4.o
__vector_34                                       /usr/local/CrossPack-AVR-20121207/lib/gcc/avr/4.6.2/../../../../avr/lib/avr5/crtm32u4.o
__vector_35                                       /usr/local/CrossPack-AVR-20121207/lib/gcc/avr/4.6.2/../../../../avr/lib/avr5/crtm32u4.o
__vector_36                                       /usr/local/CrossPack-AVR-20121207/lib/gcc/avr/4.6.2/../../../../avr/lib/avr5/crtm32u4.o
__vector_37                                       /usr/local/CrossPack-AVR-20121207/lib/gcc/avr/4.6.2/../../../../avr/lib/avr5/crtm32u4.o
__vector_38                                       /usr/local/CrossPack-AVR-20121207/lib/gcc/avr/4.6.2/../../../../avr/lib/avr5/crtm32u4.o
__vector_39                                       /usr/local/CrossPack-AVR-20121207/lib/gcc/avr/4.6.2/../../../../avr/lib/avr5/crtm32u4.o
__vector_4                                        /usr/local/CrossPack-AVR-20121207/lib/gcc/avr/4.6.2/../../../../avr/lib/avr5/crtm32u4.o
__vector_40                                       /usr/local/CrossPack-AVR-20121207/lib/gcc/avr/4.6.2/../../../../avr/lib/avr5/crtm32u4.o
__vector_41                                       /usr/local/CrossPack-AVR-20121207/lib/gcc/avr/4.6.2/../../../../avr/lib/avr5/crtm32u4.o
__vector_42                                       /usr/local/CrossPack-AVR-20121207/lib/gcc/avr/4.6.2/../../../../avr/lib/avr5/crtm32u4.o
__vector_5                                        /usr/local/CrossPack-AVR-20121207/lib/gcc/avr/4.6.2/../../../../avr/lib/avr5/crtm32u4.o
__vector_6                                        /usr/local/CrossPack-AVR-20121207/lib/gcc/avr/4.6.2/../../../../avr/lib/avr5/crtm32u4.o
__vector_7                                        /usr/local/CrossPack-AVR-20121207/lib/gcc/avr/4.6.2/../../../../avr/lib/avr5/crtm32u4.o
__vector_8                                        /usr/local/CrossPack-AVR-20121207/lib/gcc/avr/4.6.2/../../../../avr/lib/avr5/crtm32u4.o
__vector_9                                        /usr/local/CrossPack-AVR-20121207/lib/gcc/avr/4.6.2/../../../../avr/lib/avr5/crtm32u4.o
__vector_default                                  /usr/local/CrossPack-AVR-20121207/lib/gcc/avr/4.6.2/../../../../avr/lib/avr5/crtm32u4.o
__vectors                                         /usr/local/CrossPack-AVR-20121207/lib/gcc/avr/4.6.2/../../../../avr/lib/avr5/crtm32u4.o
_exit                                             /usr/local/CrossPack-AVR-20121207/lib/gcc/avr/4.6.2/avr5/libgcc.a(_exit.o)
buttons                                           buttonBoard.o
exit                                              /usr/local/CrossPack-AVR-20121207/lib/gcc/avr/4.6.2/avr5/libgcc.a(_exit.o)
                                                  /usr/local/CrossPack-AVR-20121207/lib/gcc/avr/4.6.2/../../../../avr/lib/avr5/crtm32u4.o
keyboard_keys                                     usb_keyboard.o
                                                  buttonBoard.o
keyboard_leds                                     usb_keyboard.o
keyboard_modifier_keys                            usb_keyboard.o
                                                  buttonBoard.o
main                                              buttonBoard.o
                                                  /usr/local/CrossPack-AVR-20121207/lib/gcc/avr/4.6.2/../../../../avr/lib/avr5/crtm32u4.o
pns                                               buttonBoard.o
pnsActive                                         buttonBoard.o
usb_configured                                    usb_keyboard.o
                                                  buttonBoard.o
usb_init                                          usb_keyboard.o
                                                  buttonBoard.o
usb_keyboard_press                                usb_keyboard.o
usb_keyboard_send                                 usb_keyboard.o
                                                  buttonBoard.o
